// Jest Snapshot v1, https://goo.gl/fbAQLP

exports[`Author renders correctly 1`] = `
<div>
  <a
    href="/"
  />
  <h2>
    <a
      href="/"
    >
      Avaye Dawadi
    </a>
  </h2>
  <p>
    Computer science major at the Georgia Institute of Technology. Enjoy math, programming, and all sorts of tinkering.
  </p>
</div>
`;
